// Jest Snapshot v1, https://goo.gl/fbAQLP

exports[`Footer Component maintains fixed structure and styling 1`] = `
<footer
  class="bg-gray-800 text-white py-4"
  data-testid="footer"
>
  <div
    class="container mx-auto text-center"
  >
    <p>
      Â© 2024 E-Shop. All rights reserved.
    </p>
  </div>
</footer>
`;
